// Jest Snapshot v1, https://goo.gl/fbAQLP

exports[`Button Renders a checkbox 1`] = `
.c1 {
  font-family: 'Nunito',sans-serif;
  font-size: 16px;
  line-height: 24px;
}

.c0 {
  position: relative;
  display: block;
  min-height: 1.5rem;
  padding-left: 1.5rem;
}

.c0 input[type='checkbox'] {
  box-sizing: border-box;
  padding: 0;
  position: absolute;
  z-index: -1;
  opacity: 0;
}

.c0 input[type='checkbox']:checked + label span:first-child {
  background: #57c59b;
  border-color: #57c59b;
  -webkit-animation: wave 0.4s ease;
  animation: wave 0.4s ease;
}

.c0 input[type='checkbox']:checked + label span:first-child svg {
  stroke-dashoffset: 0;
}

.c0 input[type='checkbox']:checked + label span:first-child:before {
  -webkit-transform: scale(3.5);
  -ms-transform: scale(3.5);
  transform: scale(3.5);
  opacity: 0;
  -webkit-transition: all 0.6s ease;
  transition: all 0.6s ease;
}

.c0 label {
  margin: auto;
  -webkit-user-select: none;
  -webkit-user-select: none;
  -moz-user-select: none;
  -ms-user-select: none;
  user-select: none;
  cursor: pointer;
}

.c0 label span {
  display: inline-block;
  vertical-align: middle;
  -webkit-transform: translate3d(0,0,0);
  -ms-transform: translate3d(0,0,0);
  transform: translate3d(0,0,0);
}

.c0 label span:first-child {
  position: relative;
  width: 18px;
  height: 18px;
  box-sizing: border-box;
  border-radius: 3px;
  -webkit-transform: scale(1);
  -ms-transform: scale(1);
  transform: scale(1);
  vertical-align: middle;
  border: 1px solid #9098a9;
  -webkit-transition: all 0.2s ease;
  transition: all 0.2s ease;
}

.c0 label span:first-child svg {
  position: absolute;
  top: 3px;
  left: 2px;
  fill: none;
  stroke: #ffffff;
  stroke-width: 2;
  stroke-linecap: round;
  stroke-linejoin: round;
  stroke-dasharray: 16px;
  stroke-dashoffset: 16px;
  -webkit-transition: all 0.3s ease;
  transition: all 0.3s ease;
  -webkit-transition-delay: 0.1s;
  transition-delay: 0.1s;
  -webkit-transform: translate3d(0,0,0);
  -ms-transform: translate3d(0,0,0);
  transform: translate3d(0,0,0);
}

.c0 label span:first-child:before {
  content: '';
  width: 100%;
  height: 100%;
  background: #57c59b;
  display: block;
  -webkit-transform: scale(0);
  -ms-transform: scale(0);
  transform: scale(0);
  opacity: 1;
  border-radius: 50%;
}

.c0 label span:last-child {
  padding-left: 8px;
}

.c0 label:hover span:first-child {
  border-color: #57c59b;
}

<div
  className="c0"
>
  <input
    checked={true}
    id="test"
    name="test"
    onChange={[Function]}
    type="checkbox"
  />
  <label
    htmlFor="test"
  >
    <span>
      <svg
        height="10px"
        viewBox="0 0 12 10"
        width="12px"
      >
        <polyline
          points="1.5 6 4.5 9 10.5 1"
        />
      </svg>
    </span>
    <span
      className="c1"
      style={Object {}}
    >
      Check Me
    </span>
  </label>
</div>
`;
